// Jest Snapshot v1, https://goo.gl/fbAQLP

exports[`Loot Renders Properly 1`] = `
ShallowWrapper {
  "length": 1,
  Symbol(enzyme.__root__): [Circular],
  Symbol(enzyme.__unrendered__): <Loot
    balance={10}
    bitcoin={Object {}}
    fetchBitcoin={
      [MockFunction] {
        "calls": Array [
          Array [],
        ],
      }
    }
  />,
  Symbol(enzyme.__renderer__): Object {
    "batchedUpdates": [Function],
    "getNode": [Function],
    "render": [Function],
    "simulateEvent": [Function],
    "unmount": [Function],
  },
  Symbol(enzyme.__node__): Object {
    "instance": null,
    "key": undefined,
    "nodeType": "host",
    "props": Object {
      "children": <h3
        className="bitcoinBalance"
      >
        Bitcoin balance: 
        
      </h3>,
    },
    "ref": null,
    "rendered": Object {
      "instance": null,
      "key": undefined,
      "nodeType": "host",
      "props": Object {
        "children": Array [
          "Bitcoin balance: ",
          "",
        ],
        "className": "bitcoinBalance",
      },
      "ref": null,
      "rendered": Array [
        "Bitcoin balance: ",
        "",
      ],
      "type": "h3",
    },
    "type": "div",
  },
  Symbol(enzyme.__nodes__): Array [
    Object {
      "instance": null,
      "key": undefined,
      "nodeType": "host",
      "props": Object {
        "children": <h3
          className="bitcoinBalance"
        >
          Bitcoin balance: 
          
        </h3>,
      },
      "ref": null,
      "rendered": Object {
        "instance": null,
        "key": undefined,
        "nodeType": "host",
        "props": Object {
          "children": Array [
            "Bitcoin balance: ",
            "",
          ],
          "className": "bitcoinBalance",
        },
        "ref": null,
        "rendered": Array [
          "Bitcoin balance: ",
          "",
        ],
        "type": "h3",
      },
      "type": "div",
    },
  ],
  Symbol(enzyme.__options__): Object {
    "adapter": ReactSixteenAdapter {
      "options": Object {
        "enableComponentDidUpdateOnSetState": true,
      },
    },
  },
}
`;
